// Jest Snapshot v1, https://goo.gl/fbAQLP

exports[`PoseWrapper should render correctly with no props 1`] = `
<div>
  <Styled(PoseSelector) />
  poseWrapper rendering
</div>
`;
