// Jest Snapshot v1, https://goo.gl/fbAQLP

exports[`PoseSelector should render correctly with no props 1`] = `
<StyledComponent
  forwardedComponent={
    Object {
      "$$typeof": Symbol(react.forward_ref),
      "attrs": Array [],
      "componentStyle": ComponentStyle {
        "componentId": "sc-bwzfXH",
        "isStatic": true,
        "rules": Array [
          "
  position: absolute;
  top: 5px;
  left: 5px;
  z-index: 1;

  * {
    box-sizing: border-box;
  }

  body {
    font-family: 'Lato';
     -webkit-font-smoothing: antialiased;
  	-moz-font-smoothing: antialiased;
  	-moz-osx-font-smoothing: grayscale;
  	text-rendering: optimizelegibility;
  }

  ul {
    display: flex;
    min-height: 100vh;
    max-height: 100vh;
    margin: 0;
    padding: 0;
    overflow: hidden;
    list-style-type: none;
  }

  li {
    flex: 1;
    display: flex;
    align-items: stretch;
    padding: 20px;
    background: #E74C3C;
    cursor: pointer;
    transition: all .5s ease;

    &:hover {
      background: darken(#E74C3C, 3);
    }

    &.active {
      flex: 5;
      background: #fff;
      cursor: default;

      h2 {
        color: #E74C3C;
      }

      .pose-content {
        flex: 4;
        opacity: 1;

        color: #E74C3C;
      }
    }

    .pose-title {
      flex: 1;
      display: flex;
      align-items: center;
      width: 100%;
      margin: 0;
      padding: 0;
      text-align: center;
      color: white;

      h2 {
        margin: 0;
        transform: rotate(-90deg);
        white-space: nowrap;
      }
    }

    .pose-content {
      flex: 1;
      display: flex;
      align-items: center;
      margin: 0;
      padding: 0;
      opacity: 0;
    }
  }

  #menu-wrapper {
    overflow: hidden;
    max-width: 100%;
    cursor: pointer;
  }

  #menu-wrapper #hamburger-menu {
    width: 30px;
    height: 30px;
    margin: 20px;
  }

  #menu-wrapper #hamburger-menu span {
      opacity: 1;
      -ms-filter: \\"progid:DXImageTransform.Microsoft.Alpha(Opacity=100)\\";
      left: 0;
      display: block;
      width: 100%;
      height: 3px;
      border-radius: 10px;
      color: black;
      background-color: blue;
      position: absolute;
      -webkit-transform: rotate(0deg);
      transform: rotate(0deg);
      -webkit-transition: .4s ease-in-out;
      transition: .4s ease-in-out;
  },
        ],
      },
      "displayName": "Styled(PoseSelector)",
      "foldedComponentIds": Array [],
      "render": [Function],
      "styledComponentId": "sc-bwzfXH",
      "target": [Function],
      "toString": [Function],
      "warnTooManyClasses": [Function],
      "withComponent": [Function],
      Symbol(Symbol.hasInstance): [Function],
    }
  }
  forwardedRef={null}
/>
`;
